// Jest Snapshot v1, https://goo.gl/fbAQLP

exports[`Header component should match snapshot in header page 1`] = `
<div>
  <nav
    class="sc-bdfBwQ dmBKaF"
  >
    <nav
      class="nav-wrapper"
    >
      <a
        class="brand-logo"
        href="#"
      >
        Crehana
      </a>
    </nav>
  </nav>
</div>
`;
